// Jest Snapshot v1, https://goo.gl/fbAQLP

exports[`Apollo component should render correctly With default props 1`] = `
<ApolloProvider
  client={Object {}}
>
  <App />
</ApolloProvider>
`;
