// Jest Snapshot v1, https://goo.gl/fbAQLP

exports[`MainPage component should render correctly With default props 1`] = `
<div
  className="page"
>
  MAIN_PAGE_PLACEHOLDER
</div>
`;
