// Jest Snapshot v1, https://goo.gl/fbAQLP

exports[`App component should render correctly With default props 1`] = `
<div
  className="root"
>
  <Layout>
    Put_content_here
  </Layout>
</div>
`;
