// Jest Snapshot v1, https://goo.gl/fbAQLP

exports[`Layout component should render correctly With default props 1`] = `<div />`;
