// Jest Snapshot v1, https://goo.gl/fbAQLP

exports[`SecondPage component should render correctly With default props 1`] = `
<div
  className="page"
>
  SECOND_PAGE_PLACEHOLDER
</div>
`;
