// Jest Snapshot v1, https://goo.gl/fbAQLP

exports[`App component should render correctly With default props 1`] = `
<Router
  history={Object {}}
>
  <Switch>
    <Route
      path="/"
      render={[MockFunction undefined]}
    />
  </Switch>
</Router>
`;
